ffmpeg version 8.1.2 Copyright (c) 2000-2026 the FFmpeg developers
  built with Apple clang version 21.0.0 (clang-2100.0.123.102)
  configuration: --prefix=/opt/homebrew/Cellar/ffmpeg/8.1.2 --enable-shared --enable-pthreads --enable-version3 --cc=clang --host-cflags= --host-ldflags= --enable-ffplay --enable-gpl --enable-libsvtav1 --enable-libopus --enable-libx264 --enable-libmp3lame --enable-libdav1d --enable-libvmaf --enable-libvpx --enable-libx265 --enable-openssl --enable-videotoolbox --enable-audiotoolbox --enable-neon
  libavutil      60. 26.102 / 60. 26.102
  libavcodec     62. 28.102 / 62. 28.102
  libavformat    62. 12.102 / 62. 12.102
  libavdevice    62.  3.102 / 62.  3.102
  libavfilter    11. 14.102 / 11. 14.102
  libswscale      9.  5.102 /  9.  5.102
  libswresample   6.  3.102 /  6.  3.102
Input #0, mov,mp4,m4a,3gp,3g2,mj2, from '/Users/juzisang/code/github/game-link/promo-video/silent.mp4':
  Metadata:
    major_brand     : isom
    minor_version   : 512
    compatible_brands: isomiso2avc1mp41
    encoder         : Lavf62.12.102
  Duration: 00:00:36.00, start: 0.000000, bitrate: 204 kb/s
  Stream #0:0[0x1](und): Video: h264 (High) (avc1 / 0x31637661), yuv420p(progressive), 1280x720, 201 kb/s, 24 fps, 24 tbr, 12288 tbn (default)
    Metadata:
      handler_name    : VideoHandler
      encoder         : Lavc62.28.102 libx264
[aist#1:0/pcm_s16le @ 0x877010480] Guessed Channel Layout: mono
Input #1, wav, from '/Users/juzisang/code/github/game-link/promo-video/music.wav':
  Duration: 00:00:36.00, bitrate: 705 kb/s
  Stream #1:0: Audio: pcm_s16le ([1][0][0][0] / 0x0001), 44100 Hz, mono, s16, 705 kb/s
[aist#2:0/pcm_s16be @ 0x877010600] Guessed Channel Layout: mono
Input #2, aiff, from '/Users/juzisang/code/github/game-link/promo-video/voice-0.aiff':
  Duration: 00:00:03.83, start: 0.000000, bitrate: 361 kb/s
  Stream #2:0: Audio: pcm_s16be (twos / 0x736F7774), 22050 Hz, mono, s16, 352 kb/s
[aist#3:0/pcm_s16be @ 0x877010780] Guessed Channel Layout: mono
Input #3, aiff, from '/Users/juzisang/code/github/game-link/promo-video/voice-1.aiff':
  Duration: 00:00:04.78, start: 0.000000, bitrate: 359 kb/s
  Stream #3:0: Audio: pcm_s16be (twos / 0x736F7774), 22050 Hz, mono, s16, 352 kb/s
[aist#4:0/pcm_s16be @ 0x877010900] Guessed Channel Layout: mono
Input #4, aiff, from '/Users/juzisang/code/github/game-link/promo-video/voice-2.aiff':
  Duration: 00:00:05.57, start: 0.000000, bitrate: 358 kb/s
  Stream #4:0: Audio: pcm_s16be (twos / 0x736F7774), 22050 Hz, mono, s16, 352 kb/s
[aist#5:0/pcm_s16be @ 0x877010a80] Guessed Channel Layout: mono
Input #5, aiff, from '/Users/juzisang/code/github/game-link/promo-video/voice-3.aiff':
  Duration: 00:00:04.68, start: 0.000000, bitrate: 359 kb/s
  Stream #5:0: Audio: pcm_s16be (twos / 0x736F7774), 22050 Hz, mono, s16, 352 kb/s
[aist#6:0/pcm_s16be @ 0x877010c00] Guessed Channel Layout: mono
Input #6, aiff, from '/Users/juzisang/code/github/game-link/promo-video/voice-4.aiff':
  Duration: 00:00:04.83, start: 0.000000, bitrate: 359 kb/s
  Stream #6:0: Audio: pcm_s16be (twos / 0x736F7774), 22050 Hz, mono, s16, 352 kb/s
[aist#7:0/pcm_s16be @ 0x877010d80] Guessed Channel Layout: mono
Input #7, aiff, from '/Users/juzisang/code/github/game-link/promo-video/voice-5.aiff':
  Duration: 00:00:03.52, start: 0.000000, bitrate: 362 kb/s
  Stream #7:0: Audio: pcm_s16be (twos / 0x736F7774), 22050 Hz, mono, s16, 352 kb/s
Stream mapping:
  Stream #1:0 (pcm_s16le) -> volume:default
  Stream #2:0 (pcm_s16be) -> apad:default
  Stream #3:0 (pcm_s16be) -> apad:default
  Stream #4:0 (pcm_s16be) -> apad:default
  Stream #5:0 (pcm_s16be) -> apad:default
  Stream #6:0 (pcm_s16be) -> apad:default
  Stream #7:0 (pcm_s16be) -> apad:default
  Stream #0:0 -> #0:0 (copy)
  alimiter:default -> Stream #0:1 (aac)
Press [q] to stop, [?] for help
Output #0, mp4, to '/Users/juzisang/code/github/game-link/promo-video/GameLink-宣传介绍.mp4':
  Metadata:
    major_brand     : isom
    minor_version   : 512
    compatible_brands: isomiso2avc1mp41
    encoder         : Lavf62.12.102
  Stream #0:0(und): Video: h264 (High) (avc1 / 0x31637661), yuv420p(progressive), 1280x720, q=2-31, 201 kb/s, 24 fps, 24 tbr, 12288 tbn (default)
    Metadata:
      handler_name    : VideoHandler
      encoder         : Lavc62.28.102 libx264
  Stream #0:1: Audio: aac (LC) (mp4a / 0x6134706D), 44100 Hz, mono, fltp, 192 kb/s
    Metadata:
      encoder         : Lavc62.28.102 aac
[mp4 @ 0x877041680] Starting second pass: moving the moov atom to the beginning of the file
[out#0/mp4 @ 0x877030d80] video:887KiB audio:730KiB subtitle:0KiB other streams:0KiB global headers:0KiB muxing overhead: 1.754208%
frame=  864 fps=0.0 q=-1.0 Lsize=    1645KiB time=00:00:35.91 bitrate= 375.3kbits/s speed=  83x elapsed=0:00:00.43    
[aac @ 0x876d14000] Qavg: 62475.324
