ffmpeg version 8.1.2 Copyright (c) 2000-2026 the FFmpeg developers
  built with Apple clang version 21.0.0 (clang-2100.0.123.102)
  configuration: --prefix=/opt/homebrew/Cellar/ffmpeg/8.1.2 --enable-shared --enable-pthreads --enable-version3 --cc=clang --host-cflags= --host-ldflags= --enable-ffplay --enable-gpl --enable-libsvtav1 --enable-libopus --enable-libx264 --enable-libmp3lame --enable-libdav1d --enable-libvmaf --enable-libvpx --enable-libx265 --enable-openssl --enable-videotoolbox --enable-audiotoolbox --enable-neon
  libavutil      60. 26.102 / 60. 26.102
  libavcodec     62. 28.102 / 62. 28.102
  libavformat    62. 12.102 / 62. 12.102
  libavdevice    62.  3.102 / 62.  3.102
  libavfilter    11. 14.102 / 11. 14.102
  libswscale      9.  5.102 /  9.  5.102
  libswresample   6.  3.102 /  6.  3.102
Input #0, rawvideo, from 'fd:':
  Duration: N/A, start: 0.000000, bitrate: 530841 kb/s
  Stream #0:0: Video: rawvideo (RGB[24] / 0x18424752), rgb24, 1280x720, 530841 kb/s, 24 tbr, 24 tbn
Stream mapping:
  Stream #0:0 -> #0:0 (rawvideo (native) -> h264 (libx264))
[libx264 @ 0xb16c20a80] using cpu capabilities: ARMv8 NEON DotProd I8MM
[libx264 @ 0xb16c20a80] profile High, level 3.1, 4:2:0, 8-bit
[libx264 @ 0xb16c20a80] 264 - core 165 r3222 b35605a - H.264/MPEG-4 AVC codec - Copyleft 2003-2025 - http://www.videolan.org/x264.html - options: cabac=1 ref=2 deblock=1:0:0 analyse=0x3:0x113 me=hex subme=6 psy=1 psy_rd=1.00:0.00 mixed_ref=1 me_range=16 chroma_me=1 trellis=1 8x8dct=1 cqm=0 deadzone=21,11 fast_pskip=1 chroma_qp_offset=-2 threads=15 lookahead_threads=2 sliced_threads=0 nr=0 decimate=1 interlaced=0 bluray_compat=0 constrained_intra=0 bframes=3 b_pyramid=2 b_adapt=1 b_bias=0 direct=1 weightb=1 open_gop=0 weightp=1 keyint=250 keyint_min=24 scenecut=40 intra_refresh=0 rc_lookahead=30 rc=crf mbtree=1 crf=19.0 qcomp=0.60 qpmin=0 qpmax=69 qpstep=4 ip_ratio=1.40 aq=1:1.00
Output #0, mp4, to '/Users/juzisang/code/github/game-link/promo-video/silent.mp4':
  Metadata:
    encoder         : Lavf62.12.102
  Stream #0:0: Video: h264 (avc1 / 0x31637661), yuv420p(tv, progressive), 1280x720, q=2-31, 24 fps, 12288 tbn
    Metadata:
      encoder         : Lavc62.28.102 libx264
    Side data:
      CPB properties: bitrate max/min/avg: 0/0/0 buffer size: 0 vbv_delay: N/A
frame=   41 fps=0.0 q=24.0 size=       0KiB time=00:00:01.62 bitrate=   0.2kbits/s speed=3.23x elapsed=0:00:00.50    frame=  121 fps=120 q=24.0 size=       0KiB time=00:00:04.95 bitrate=   0.1kbits/s speed= 4.9x elapsed=0:00:01.01    frame=  185 fps=122 q=24.0 size=       0KiB time=00:00:07.62 bitrate=   0.1kbits/s speed=5.04x elapsed=0:00:01.51    frame=  249 fps=123 q=24.0 size=     256KiB time=00:00:10.29 bitrate= 203.8kbits/s speed= 5.1x elapsed=0:00:02.01    frame=  311 fps=123 q=24.0 size=     256KiB time=00:00:12.87 bitrate= 162.9kbits/s speed=5.09x elapsed=0:00:02.52    frame=  373 fps=123 q=24.0 size=     256KiB time=00:00:15.45 bitrate= 135.7kbits/s speed=5.09x elapsed=0:00:03.03    frame=  447 fps=126 q=24.0 size=     256KiB time=00:00:18.54 bitrate= 113.1kbits/s speed=5.23x elapsed=0:00:03.54    frame=  526 fps=130 q=24.0 size=     512KiB time=00:00:21.83 bitrate= 192.1kbits/s speed=5.39x elapsed=0:00:04.04    frame=  594 fps=130 q=24.0 size=     512KiB time=00:00:24.66 bitrate= 170.1kbits/s speed=5.42x elapsed=0:00:04.55    frame=  663 fps=131 q=24.0 size=     512KiB time=00:00:27.54 bitrate= 152.3kbits/s speed=5.44x elapsed=0:00:05.06    frame=  723 fps=130 q=24.0 size=     768KiB time=00:00:30.04 bitrate= 209.4kbits/s speed= 5.4x elapsed=0:00:05.56    frame=  783 fps=129 q=24.0 size=     768KiB time=00:00:32.54 bitrate= 193.3kbits/s speed=5.36x elapsed=0:00:06.06    [out#0/mp4 @ 0xb16c24180] video:887KiB audio:0KiB subtitle:0KiB other streams:0KiB global headers:0KiB muxing overhead: 1.223332%
frame=  864 fps=136 q=-1.0 Lsize=     898KiB time=00:00:35.91 bitrate= 204.8kbits/s speed=5.65x elapsed=0:00:06.36    
[libx264 @ 0xb16c20a80] frame I:6     Avg QP: 4.91  size: 21823
[libx264 @ 0xb16c20a80] frame P:239   Avg QP:15.21  size:  2149
[libx264 @ 0xb16c20a80] frame B:619   Avg QP:19.20  size:   425
[libx264 @ 0xb16c20a80] consecutive B-frames:  1.7%  6.7%  4.5% 87.0%
[libx264 @ 0xb16c20a80] mb I  I16..4: 82.2%  7.4% 10.4%
[libx264 @ 0xb16c20a80] mb P  I16..4:  5.6%  1.1%  0.3%  P16..4: 16.7%  1.5%  0.5%  0.0%  0.0%    skip:74.4%
[libx264 @ 0xb16c20a80] mb B  I16..4:  0.7%  0.0%  0.0%  B16..8: 10.2%  0.4%  0.0%  direct: 1.4%  skip:87.4%  L0:38.9% L1:58.9% BI: 2.1%
[libx264 @ 0xb16c20a80] 8x8 transform intra:11.5% inter:39.6%
[libx264 @ 0xb16c20a80] coded y,uvDC,uvAC intra: 4.2% 7.7% 6.6% inter: 0.5% 1.7% 0.4%
[libx264 @ 0xb16c20a80] i16 v,h,dc,p: 73% 26%  0%  0%
[libx264 @ 0xb16c20a80] i8 v,h,dc,ddl,ddr,vr,hd,vl,hu: 27% 10% 63%  0%  0%  0%  0%  0%  0%
[libx264 @ 0xb16c20a80] i4 v,h,dc,ddl,ddr,vr,hd,vl,hu: 33% 33% 21%  2%  2%  2%  2%  2%  1%
[libx264 @ 0xb16c20a80] i8c dc,h,v,p: 67% 27%  6%  0%
[libx264 @ 0xb16c20a80] Weighted P-Frames: Y:18.0% UV:18.0%
[libx264 @ 0xb16c20a80] ref P L0: 75.8% 24.2%
[libx264 @ 0xb16c20a80] ref B L0: 93.3%  6.7%
[libx264 @ 0xb16c20a80] ref B L1: 99.1%  0.9%
[libx264 @ 0xb16c20a80] kb/s:201.70
